// Jest Snapshot v1, https://goo.gl/fbAQLP

exports[`Frontpage renders frontpage correctly 1`] = `
<div>
  <div
    className="grid"
  >
    <a
      className="party"
      href="/flokkur/framsoknarflokkurinn"
      onClick={[Function]}
    >
      <span
        className="imgWrap"
      >
        <img
          alt="Framsókn's logo"
          className="image"
          src="https://assets.kjosturett.is/party-icons/framsoknarflokkurinn.png"
        />
      </span>
      <span
        className="info"
      >
        <h3
          className="name"
        >
          Framsókn
        </h3>
        <p
          className="leader"
        >
          Sigurður Ingi Jóhannsson
        </p>
        <span
          className="letter"
        >
          <span>
            x
          </span>
          B
        </span>
      </span>
    </a>
    <a
      className="party"
      href="/flokkur/vidreisn"
      onClick={[Function]}
    >
      <span
        className="imgWrap"
      >
        <img
          alt="Viðreisn's logo"
          className="image"
          src="https://assets.kjosturett.is/party-icons/vidreisn.png"
        />
      </span>
      <span
        className="info"
      >
        <h3
          className="name"
        >
          Viðreisn
        </h3>
        <p
          className="leader"
        >
          Þorgerður Katrín Gunnarsdóttir
        </p>
        <span
          className="letter"
        >
          <span>
            x
          </span>
          C
        </span>
      </span>
    </a>
    <a
      className="party"
      href="/flokkur/sjalfstaedisflokkurinn"
      onClick={[Function]}
    >
      <span
        className="imgWrap"
      >
        <img
          alt="Sjálfstæðisflokkurinn's logo"
          className="image"
          src="https://assets.kjosturett.is/party-icons/sjalfstaedisflokkurinn.png"
        />
      </span>
      <span
        className="info"
      >
        <h3
          className="name"
        >
          Sjálfstæðisflokkurinn
        </h3>
        <p
          className="leader"
        >
          Bjarni Benediktsson
        </p>
        <span
          className="letter"
        >
          <span>
            x
          </span>
          D
        </span>
      </span>
    </a>
    <a
      className="party"
      href="/flokkur/flokkur-folksins"
      onClick={[Function]}
    >
      <span
        className="imgWrap"
      >
        <img
          alt="Flokkur Fólksins's logo"
          className="image"
          src="https://assets.kjosturett.is/party-icons/flokkur-folksins.png"
        />
      </span>
      <span
        className="info"
      >
        <h3
          className="name"
        >
          Flokkur Fólksins
        </h3>
        <p
          className="leader"
        >
          Inga Sæland
        </p>
        <span
          className="letter"
        >
          <span>
            x
          </span>
          F
        </span>
      </span>
    </a>
    <a
      className="party"
      href="/flokkur/sosialistaflokkurinn"
      onClick={[Function]}
    >
      <span
        className="imgWrap"
      >
        <img
          alt="Sósíalistaflokkurinn's logo"
          className="image"
          src="https://assets.kjosturett.is/party-icons/sosialistaflokkurinn.png"
        />
      </span>
      <span
        className="info"
      >
        <h3
          className="name"
        >
          Sósíalistaflokkurinn
        </h3>
        <p
          className="leader"
        >
          Gunnar Smári Egilsson
        </p>
        <span
          className="letter"
        >
          <span>
            x
          </span>
          J
        </span>
      </span>
    </a>
    <a
      className="party"
      href="/flokkur/lydraedisflokkurinn"
      onClick={[Function]}
    >
      <span
        className="imgWrap"
      >
        <img
          alt="Lýðræðisflokkurinn's logo"
          className="image"
          src="https://assets.kjosturett.is/party-icons/lydraedisflokkurinn.png"
        />
      </span>
      <span
        className="info"
      >
        <h3
          className="name"
        >
          Lýðræðisflokkurinn
        </h3>
        <p
          className="leader"
        >
          Arnar Þór Jónsson
        </p>
        <span
          className="letter"
        >
          <span>
            x
          </span>
          L
        </span>
      </span>
    </a>
    <a
      className="party"
      href="/flokkur/midflokkurinn"
      onClick={[Function]}
    >
      <span
        className="imgWrap"
      >
        <img
          alt="Miðflokkurinn's logo"
          className="image"
          src="https://assets.kjosturett.is/party-icons/midflokkurinn.png"
        />
      </span>
      <span
        className="info"
      >
        <h3
          className="name"
        >
          Miðflokkurinn
        </h3>
        <p
          className="leader"
        >
          Sigmundur Davíð Gunnlaugsson
        </p>
        <span
          className="letter"
        >
          <span>
            x
          </span>
          M
        </span>
      </span>
    </a>
    <a
      className="party"
      href="/flokkur/piratar"
      onClick={[Function]}
    >
      <span
        className="imgWrap"
      >
        <img
          alt="Píratar's logo"
          className="image"
          src="https://assets.kjosturett.is/party-icons/piratar.png"
        />
      </span>
      <span
        className="info"
      >
        <h3
          className="name"
        >
          Píratar
        </h3>
        <p
          className="leader"
        >
          Þórhildur Sunna Ævarsdóttir
        </p>
        <span
          className="letter"
        >
          <span>
            x
          </span>
          P
        </span>
      </span>
    </a>
    <a
      className="party"
      href="/flokkur/samfylkingin"
      onClick={[Function]}
    >
      <span
        className="imgWrap"
      >
        <img
          alt="Samfylkingin's logo"
          className="image"
          src="https://assets.kjosturett.is/party-icons/samfylkingin.png"
        />
      </span>
      <span
        className="info"
      >
        <h3
          className="name"
        >
          Samfylkingin
        </h3>
        <p
          className="leader"
        >
          Kristrún Frostadóttir
        </p>
        <span
          className="letter"
        >
          <span>
            x
          </span>
          S
        </span>
      </span>
    </a>
    <a
      className="party"
      href="/flokkur/vinstri-graen"
      onClick={[Function]}
    >
      <span
        className="imgWrap"
      >
        <img
          alt="Vinstri Græn's logo"
          className="image"
          src="https://assets.kjosturett.is/party-icons/vinstri-graen.png"
        />
      </span>
      <span
        className="info"
      >
        <h3
          className="name"
        >
          Vinstri Græn
        </h3>
        <p
          className="leader"
        >
          Svandís Svavarsdóttir
        </p>
        <span
          className="letter"
        >
          <span>
            x
          </span>
          V
        </span>
      </span>
    </a>
    <a
      className="party"
      href="/flokkur/abyrg-framtid"
      onClick={[Function]}
    >
      <span
        className="imgWrap"
      >
        <img
          alt="Ábyrg Framtíð's logo"
          className="image"
          src="https://assets.kjosturett.is/party-icons/abyrg-framtid.png"
        />
      </span>
      <span
        className="info"
      >
        <h3
          className="name"
        >
          Ábyrg Framtíð
        </h3>
        <p
          className="leader"
        >
          Jóhannes Loftsson
        </p>
        <span
          className="letter"
        >
          <span>
            x
          </span>
          Y
        </span>
      </span>
    </a>
  </div>
</div>
`;
